[backblue.gif]
[fade.gif]
[index.html]
[nganhaec.com/favico/1813/bn.png]
[nganhaec.com/css/phonering_gotop.css]
[maxcdn.bootstrapcdn.com/bootstrap/4.5.2/css/bootstrap.min.css]
[ajax.googleapis.com/ajax/libs/jquery/3.5.1/jquery.min.js]
[cdnjs.cloudflare.com/ajax/libs/popper.js/1.16.0/umd/popper.min.js]
[nganhaec.com/fontawesome6.1.2/css/all.min.css]
[nganhaec.com/images/go_top_icon.png]
[maxcdn.bootstrapcdn.com/bootstrap/4.5.2/js/bootstrap.min.js]
[nganhaec.com/logo/1813/mmmmmmmmmm.png]
[nganhaec.com/slider/1813/slide311.jpg]
[nganhaec.com/slider/1813/slide2(1).jpg]
[nganhaec.com/slider/1813/slidefinal1.jpg]
[nganhaec.com/nhomnganh_images/1813/ANHGANH2.jpg]
[nganhaec.com/nhomnganh_images/1813/anhganh.jpg]
[nganhaec.com/nhomnganh_images/1813/anhganh3.jpg]
[nganhaec.com/dichvu_images/1813/THAI-SINH-HOAT (8).jpg]
[nganhaec.com/dichvu_images/1813/THAI-SINH-HOAT (10).jpg]
[nganhaec.com/dichvu_images/1813/THAI-SINH-HOAT (6).jpg]
[nganhaec.com/dichvu_images/1813/THAI-SINH-HOAT (12).jpg]
[nganhaec.com/dichvu_images/1813/thai-cong-nghiep (4).jpg]
[nganhaec.com/dichvu_images/1813/thai-cong-nghiep (3).jpg]
[nganhaec.com/dichvu_images/1813/thai-cong-nghiep (2).jpg]
[nganhaec.com/dichvu_images/1813/thai-cong-nghiep (1).jpg]
[nganhaec.com/dichvu_images/1813/tu-van (1).jpg]
[nganhaec.com/dichvu_images/1813/tu-van (4).jpg]
[nganhaec.com/dichvu_images/1813/tu-van (2).jpg]
[nganhaec.com/dichvu_images/1813/tu-van (3).jpg]
[nganhaec.com/sanpham_images/1813/thiet-bi (1).jpg]
[nganhaec.com/sanpham_images/1813/thiet-bi (4).jpg]
[nganhaec.com/sanpham_images/1813/thiet-bi (3).jpg]
[nganhaec.com/sanpham_images/1813/thiet-bi (5).jpg]
[nganhaec.com/aboutus_images/1813/232323223.jpg]
[nganhaec.com/thuvienanh_images/1813/du-an (3).jpg]
[nganhaec.com/thuvienanh_images/1813/du-an (4).jpg]
[nganhaec.com/thuvienanh_images/1813/du-an (5).jpg]
[nganhaec.com/thuvienanh_images/1813/du-an (15).jpg]
[nganhaec.com/thuvienanh_images/1813/du-an (17).jpg]
[nganhaec.com/thuvienanh_images/1813/du-an (18).jpg]
[nganhaec.com/thuvienanh_images/1813/du-an (19).jpg]
[nganhaec.com/thuvienanh_images/1813/du-an (21).jpg]
[nganhaec.com/chungchi_images/1813/11111.png]
[nganhaec.com/chungchi_images/1813/22222.png]
[nganhaec.com/chungchi_images/1813/jjoooo.png]
[nganhaec.com/chungchi_images/1813/jjj.png]
[nganhaec.com/doitac_images/1813/doi-tac (1).jpg]
[nganhaec.com/doitac_images/1813/doi-tac (2).jpg]
[nganhaec.com/doitac_images/1813/doi-tac (3).jpg]
[nganhaec.com/doitac_images/1813/doi-tac (4).jpg]
[nganhaec.com/doitac_images/1813/doi-tac (5).jpg]
[nganhaec.com/doitac_images/1813/doi-tac (6).jpg]
[nganhaec.com/doitac_images/1813/doi-tac (7).jpg]
[nganhaec.com/doitac_images/1813/doi-tac (8).jpg]
[nganhaec.com/doitac_images/1813/doi-tac (10).jpg]
[nganhaec.com/doitac_images/1813/doi-tac (9).jpg]
[nganhaec.com/doitac_images/1813/doi-tac (12).jpg]
[nganhaec.com/doitac_images/1813/doi-tac (14).jpg]
[nganhaec.com/doitac_images/1813/doi-tac (15).jpg]
[nganhaec.com/doitac_images/1813/doi-tac (16).jpg]
[nganhaec.com/doitac_images/1813/doi-tac (17).jpg]
[nganhaec.com/doitac_images/1813/doi-tac (18).jpg]
[nganhaec.com/doitac_images/1813/doi-tac (19).jpg]
[nganhaec.com/doitac_images/1813/doi-tac (20).jpg]
[nganhaec.com/index.html]
[nganhaec.com/css/phonering_gotop.css]
[nganhaec.com/css/homecss.css]
[maxcdn.bootstrapcdn.com/bootstrap/4.5.2/css/bootstrap.min.css]
[nganhaec.com/fontawesome6.1.2/webfonts/fa-brands-400.woff2]
[nganhaec.com/fontawesome6.1.2/webfonts/fa-brands-400.ttf]
[nganhaec.com/fontawesome6.1.2/webfonts/fa-regular-400.woff2]
[nganhaec.com/fontawesome6.1.2/webfonts/fa-regular-400.ttf]
[nganhaec.com/fontawesome6.1.2/webfonts/fa-solid-900.woff2]
[nganhaec.com/fontawesome6.1.2/webfonts/fa-solid-900.ttf]
[nganhaec.com/fontawesome6.1.2/webfonts/fa-v4compatibility.woff2]
[nganhaec.com/fontawesome6.1.2/webfonts/fa-v4compatibility.ttf]
[nganhaec.com/fontawesome6.1.2/css/all.min.css]
[nganhaec.com/css/css.css]
[filegt.images.com.vn/1813/so-do.png]
[filegt.images.com.vn/1813/ho-so.png]
[nganhaec.com/gioithieu.html]
[nganhaec.com/nhomnganh_banner/1813/slidenganh.jpg]
[nganhaec.com/nhomnganh/602/thiet-ke-thi-cong-he-thá»ng-xu-ly-nuoc-nuoc-thai.html]
[nganhaec.com/dichvu_images/1813/THAI-SINH-HOAT (1).jpg]
[nganhaec.com/dichvu_images/1813/THAI-SINH-HOAT (2).jpg]
[nganhaec.com/dichvu_images/1813/THAI-SINH-HOAT (4).jpg]
[nganhaec.com/dichvu_images/1813/THAI-SINH-HOAT (7).jpg]
[nganhaec.com/dichvu_images/1813/THAI-SINH-HOAT (9).jpg]
[nganhaec.com/dichvu_images/1813/THAI-SINH-HOAT (5).jpg]
[nganhaec.com/dichvu_images/1813/THAI-SINH-HOAT (11).jpg]
[nganhaec.com/nganh/14562/thiet-ke-thi-cong-xu-ly-nuoc-thai-sinh-hoat.html]
[nganhaec.com/dichvu_images/1813/thai-cong-nghiep (5).jpg]
[nganhaec.com/nganh/14563/thiet-ke-thi-cong-xu-ly-nuoc-thai-cong-nghiep.html]
[nganhaec.com/nganh_banner/1813/slidenganh.jpg]
[nganhaec.com/nganh/14564/tu-van-ho-so-moi-truong.html]
[nganhaec.com/sanpham_images/1813/thiet-bi (2).jpg]
[nganhaec.com/nganh/14826/thiet-bi-xu-ly-nuoc-thiet-bi-moi-truong.html]
[nganhaec.com/thuvienanh_images/1813/du-an (10).jpg]
[nganhaec.com/thuvienanh_images/1813/du-an (11).jpg]
[nganhaec.com/thuvienanh_images/1813/du-an (23).jpg]
[nganhaec.com/thuvienanh_images/1813/du-an (26).jpg]
[nganhaec.com/thuvienanh_images/1813/du-an (2).jpg]
[nganhaec.com/thuvienanh_images/1813/du-an (7).jpg]
[nganhaec.com/thuvienanh_images/1813/du-an (12).jpg]
[nganhaec.com/thuvienanh_images/1813/du-an (14).jpg]
[nganhaec.com/thuvienanh_images/1813/du-an (22).jpg]
[nganhaec.com/thuvienanh_images/1813/du-an (24).jpg]
[nganhaec.com/thuvienanh_images/1813/du-an (1).jpg]
[nganhaec.com/thuvienanh_images/1813/du-an (8).jpg]
[nganhaec.com/thuvienanh_images/1813/du-an (9).jpg]
[nganhaec.com/thuvienanh_images/1813/du-an (13).jpg]
[nganhaec.com/thuvienanh_images/1813/du-an (16).jpg]
[nganhaec.com/thuvienanh_images/1813/du-an (20).jpg]
[nganhaec.com/thuvienanh_images/1813/du-an (25).jpg]
[nganhaec.com/thuvienanh.html]
[nganhaec.com/lienhe.html]
[nganhaec.com/dichvu/3725/thiet-ke-he-thong-xu-ly-nuoc-thai-sinh-hoat.html]
[nganhaec.com/dichvu/3726/thiet-ke-he-thong-xu-ly-nuoc-thai-sinh-hoat.html]
[nganhaec.com/dichvu/3723/thi-cong-he-thong-xu-ly-nuoc-thai-sinh-hoat.html]
[nganhaec.com/dichvu/3724/thi-cong-he-thong-xu-ly-nuoc-thai-sinh-hoat.html]
[nganhaec.com/dichvu/3727/thiet-ke-he-thong-xu-ly-nuoc-thai-cong-nghiep.html]
[nganhaec.com/dichvu/3728/thiet-ke-he-thong-xu-ly-nuoc-thai-cong-nghiep.html]
[nganhaec.com/dichvu/3729/thi-cong-he-thong-xu-ly-nuoc-thai-cong-nghiep.html]
[nganhaec.com/dichvu/3730/thi-cong-he-thong-xu-ly-nuoc-thai-cong-nghiep.html]
[nganhaec.com/nhomnganh/603/tu-van-ho-so-moi-truong.html]
[nganhaec.com/dichvu/3719/tu-van-ho-so-moi-truong.html]
[nganhaec.com/dichvu/3720/tu-van-ho-so-moi-truong.html]
[nganhaec.com/dichvu/3721/tu-van-ho-so-moi-truong.html]
[nganhaec.com/dichvu/3722/tu-van-ho-so-moi-truong.html]
[nganhaec.com/nhomnganh/604/thiet-bi-xu-ly-nuoc-thiet-bi-moi-truong.html]
[nganhaec.com/sanpham/48920/may-khuay.html]
[nganhaec.com/sanpham/48919/bom-dat-can.html]
[nganhaec.com/sanpham/48917/may-thoi-khi-long-tech.html]
[nganhaec.com/sanpham/48923/bom-chim-nuoc-thai.html]
[nganhaec.com/gioithieu-2.html]
[nganhaec.com/thuvienanh-2.html]
[nganhaec.com/css/css.css]
[nganhaec.com/dichvu/3739/thiet-ke-thi-cong-he-thong-xu-ly-nuoc-thai-sinh-hoat.html]
[nganhaec.com/dichvu/3740/thiet-ke-thi-cong-he-thong-xu-ly-nuoc-thai-sinh-hoat.html]
[nganhaec.com/dichvu/3741/thiet-ke-thi-cong-he-thong-xu-ly-nuoc-thai-sinh-hoat.html]
[nganhaec.com/dichvu/3742/thiet-ke-thi-cong-he-thong-xu-ly-nuoc-thai-sinh-hoat.html]
[nganhaec.com/dichvu/3743/thiet-ke-thi-cong-he-thong-xu-ly-nuoc-thai-sinh-hoat.html]
[nganhaec.com/dichvu/3744/thiet-ke-thi-cong-he-thong-xu-ly-nuoc-thai-sinh-hoat.html]
[nganhaec.com/dichvu/3745/thiet-ke-thi-cong-he-thong-xu-ly-nuoc-thai-sinh-hoat.html]
[nganhaec.com/dichvu/3746/thiet-ke-thi-cong-he-thong-xu-ly-nuoc-thai-sinh-hoat.html]
[nganhaec.com/dichvu/3750/thi-cong-he-thong-xu-ly-nuoc-thai-cong-nghiep.html]
[nganhaec.com/sanpham/48922/may-thoi-khi-shinmaywa.html]
[nganhaec.com/css/sanpham1.css]
